lehai@LAPTOP-NSB0M5TU MINGW64 ~/Desktop/PROJECTS
$ git clone https://github.com/yenle2092/DAFT_0116.git
Cloning into 'DAFT_0116'...
remote: Enumerating objects: 3184, done.
remote: Counting objects: 100% (49/49), done.
remote: Compressing objects: 100% (19/19), done.
remote: Total 3184 (delta 29), reused 47 (delta 29), pack-reused 3135
Receiving objects: 100% (3184/3184), 128.92 MiB | 16.71 MiB/s, done.
Resolving deltas: 100% (1596/1596), done.
Updating files: 100% (237/237), done.

lehai@LAPTOP-NSB0M5TU MINGW64 ~/Desktop/PROJECTS
$ ls
DAFT_0116/  Ironkhanh/  Ironyen/  git-merge-testing/  labyen/

lehai@LAPTOP-NSB0M5TU MINGW64 ~/Desktop/PROJECTS
$ cd DAFT_0116/

lehai@LAPTOP-NSB0M5TU MINGW64 ~/Desktop/PROJECTS/DAFT_0116 (main)
$ git status
On branch main
Your branch is up to date with 'origin/main'.

nothing to commit, working tree clean

lehai@LAPTOP-NSB0M5TU MINGW64 ~/Desktop/PROJECTS/DAFT_0116 (main)
$ git pull origin main
From https://github.com/yenle2092/DAFT_0116
 * branch            main       -> FETCH_HEAD
Already up to date.

lehai@LAPTOP-NSB0M5TU MINGW64 ~/Desktop/PROJECTS/DAFT_0116 (main)
$ touch about-me.md

lehai@LAPTOP-NSB0M5TU MINGW64 ~/Desktop/PROJECTS/DAFT_0116 (main)
$ git status
On branch main
Your branch is up to date with 'origin/main'.

Untracked files:
  (use "git add <file>..." to include in what will be committed)
        about-me.md

nothing added to commit but untracked files present (use "git add" to track)

lehai@LAPTOP-NSB0M5TU MINGW64 ~/Desktop/PROJECTS/DAFT_0116 (main)
$ git add about-me.md

lehai@LAPTOP-NSB0M5TU MINGW64 ~/Desktop/PROJECTS/DAFT_0116 (main)
$ git status
On branch main
Your branch is up to date with 'origin/main'.

Changes to be committed:
  (use "git restore --staged <file>..." to unstage)
        new file:   about-me.md


lehai@LAPTOP-NSB0M5TU MINGW64 ~/Desktop/PROJECTS/DAFT_0116 (main)
$ git commit -m "add about me"
[main 5a21a7f] add about me
 1 file changed, 1 insertion(+)
 create mode 100644 about-me.md

lehai@LAPTOP-NSB0M5TU MINGW64 ~/Desktop/PROJECTS/DAFT_0116 (main)
$ git push
Enumerating objects: 4, done.
Counting objects: 100% (4/4), done.
Delta compression using up to 8 threads
Compressing objects: 100% (2/2), done.
Writing objects: 100% (3/3), 352 bytes | 117.00 KiB/s, done.
Total 3 (delta 0), reused 0 (delta 0), pack-reused 0
To https://github.com/yenle2092/DAFT_0116.git
   418d01d..5a21a7f  main -> main

lehai@LAPTOP-NSB0M5TU MINGW64 ~/Desktop/PROJECTS/DAFT_0116 (main)
$ git log
commit 5a21a7f876e4a0f7a2a7d9cc5908c08c6eebdc14 (HEAD -> main, origin/main, origin/HEAD)
Author: YEN LE <xumi2092@gmail.com>
Date:   Mon Jan 16 23:37:54 2023 +0100

    add about me

commit 418d01da2e410756ec23910849a568e8264fb5d8
Author: ta-data-par <50342645+ta-data-par@users.noreply.github.com>
Date:   Fri Nov 25 09:38:18 2022 +0100

    Update description.md

commit 900b319f316a90f01e09de6cb00c4b97e7b6e0a9
Author: ta-data-par <50342645+ta-data-par@users.noreply.github.com>
Date:   Fri Nov 25 09:33:00 2022 +0100

    Update readme.md

commit 052d5550e6325713c687c219a2429093e72210ec
Author: ta-data-par <50342645+ta-data-par@users.noreply.github.com>
Date:   Fri Nov 25 09:30:44 2022 +0100

    Update readme.md

commit ca45281e6402cfc1d7cc11a10fc4b8ff54deffed
Author: ta-data-par <50342645+ta-data-par@users.noreply.github.com>
Date:   Fri Nov 25 09:27:56 2022 +0100

    Update readme.md

commit 8a677ea47f698e83508aa3e797c3f1862df72495
Author: ta-data-par <50342645+ta-data-par@users.noreply.github.com>
Date:   Fri Nov 25 09:26:35 2022 +0100

    Update readme.md

commit b3a21138a9f23986e34524cb7934d2814a8ad077
Author: ta-data-par <50342645+ta-data-par@users.noreply.github.com>
Date:   Fri Nov 25 08:51:27 2022 +0100

    Create description.md

commit 523d3bbd84aaa10297272659bda5854769eade16
Author: ta-data-par <50342645+ta-data-par@users.noreply.github.com>
Date:   Fri Nov 25 08:49:51 2022 +0100


lehai@LAPTOP-NSB0M5TU MINGW64 ~/Desktop/PROJECTS/DAFT_0116 (main)
$ git reset --hard 418d01da2e410756ec23910849a568e8264fb5d8
HEAD is now at 418d01d Update description.md

lehai@LAPTOP-NSB0M5TU MINGW64 ~/Desktop/PROJECTS/DAFT_0116 (main)
$ git log
commit 418d01da2e410756ec23910849a568e8264fb5d8 (HEAD -> main)
Author: ta-data-par <50342645+ta-data-par@users.noreply.github.com>
Date:   Fri Nov 25 09:38:18 2022 +0100

    Update description.md

commit 900b319f316a90f01e09de6cb00c4b97e7b6e0a9
Author: ta-data-par <50342645+ta-data-par@users.noreply.github.com>
Date:   Fri Nov 25 09:33:00 2022 +0100

    Update readme.md

commit 052d5550e6325713c687c219a2429093e72210ec
Author: ta-data-par <50342645+ta-data-par@users.noreply.github.com>
Date:   Fri Nov 25 09:30:44 2022 +0100

    Update readme.md

commit ca45281e6402cfc1d7cc11a10fc4b8ff54deffed
Author: ta-data-par <50342645+ta-data-par@users.noreply.github.com>
Date:   Fri Nov 25 09:27:56 2022 +0100

    Update readme.md

commit 8a677ea47f698e83508aa3e797c3f1862df72495
Author: ta-data-par <50342645+ta-data-par@users.noreply.github.com>
Date:   Fri Nov 25 09:26:35 2022 +0100

    Update readme.md

commit b3a21138a9f23986e34524cb7934d2814a8ad077
Author: ta-data-par <50342645+ta-data-par@users.noreply.github.com>
Date:   Fri Nov 25 08:51:27 2022 +0100

    Create description.md

commit 523d3bbd84aaa10297272659bda5854769eade16
Author: ta-data-par <50342645+ta-data-par@users.noreply.github.com>
Date:   Fri Nov 25 08:49:51 2022 +0100

    Add files via upload

commit 2e89402b4b60a9249594a792b3670ccc773aac89
Author: ta-data-par <50342645+ta-data-par@users.noreply.github.com>
Date:   Fri Nov 25 08:47:13 2022 +0100

    Delete Bank_Personal_Loan_Modelling.csv

lehai@LAPTOP-NSB0M5TU MINGW64 ~/Desktop/PROJECTS/DAFT_0116 (main)
$ git checkout -b lab-resolving-git-conflicts
Switched to a new branch 'lab-resolving-git-conflicts'

lehai@LAPTOP-NSB0M5TU MINGW64 ~/Desktop/PROJECTS/DAFT_0116 (lab-resolving-git-conflicts)
$ git status
On branch lab-resolving-git-conflicts
Untracked files:
  (use "git add <file>..." to include in what will be committed)
        about-me.md

nothing added to commit but untracked files present (use "git add" to track)

lehai@LAPTOP-NSB0M5TU MINGW64 ~/Desktop/PROJECTS/DAFT_0116 (lab-resolving-git-conflicts)
$ git add about-me.txt
fatal: pathspec 'about-me.txt' did not match any files

lehai@LAPTOP-NSB0M5TU MINGW64 ~/Desktop/PROJECTS/DAFT_0116 (lab-resolving-git-conflicts)
$ git add about-me.md

lehai@LAPTOP-NSB0M5TU MINGW64 ~/Desktop/PROJECTS/DAFT_0116 (lab-resolving-git-conflicts)
$ git commit -m "add new version"
[lab-resolving-git-conflicts a683268] add new version
 1 file changed, 16 insertions(+)
 create mode 100644 about-me.md

lehai@LAPTOP-NSB0M5TU MINGW64 ~/Desktop/PROJECTS/DAFT_0116 (lab-resolving-git-conflicts)
$ git log
commit a6832689a659ad2001e916d33db79303f2e828fb (HEAD -> lab-resolving-git-conflicts)
Author: YEN LE <xumi2092@gmail.com>
Date:   Mon Jan 16 23:44:50 2023 +0100

    add new version

commit 418d01da2e410756ec23910849a568e8264fb5d8 (main)
Author: ta-data-par <50342645+ta-data-par@users.noreply.github.com>
Date:   Fri Nov 25 09:38:18 2022 +0100

    Update description.md

commit 900b319f316a90f01e09de6cb00c4b97e7b6e0a9
Author: ta-data-par <50342645+ta-data-par@users.noreply.github.com>
Date:   Fri Nov 25 09:33:00 2022 +0100

    Update readme.md

commit 052d5550e6325713c687c219a2429093e72210ec
Author: ta-data-par <50342645+ta-data-par@users.noreply.github.com>
Date:   Fri Nov 25 09:30:44 2022 +0100

    Update readme.md

commit ca45281e6402cfc1d7cc11a10fc4b8ff54deffed
Author: ta-data-par <50342645+ta-data-par@users.noreply.github.com>
Date:   Fri Nov 25 09:27:56 2022 +0100

    Update readme.md

commit 8a677ea47f698e83508aa3e797c3f1862df72495
Author: ta-data-par <50342645+ta-data-par@users.noreply.github.com>
Date:   Fri Nov 25 09:26:35 2022 +0100

    Update readme.md

commit b3a21138a9f23986e34524cb7934d2814a8ad077
Author: ta-data-par <50342645+ta-data-par@users.noreply.github.com>
Date:   Fri Nov 25 08:51:27 2022 +0100

    Create description.md

commit 523d3bbd84aaa10297272659bda5854769eade16
Author: ta-data-par <50342645+ta-data-par@users.noreply.github.com>
Date:   Fri Nov 25 08:49:51 2022 +0100


lehai@LAPTOP-NSB0M5TU MINGW64 ~/Desktop/PROJECTS/DAFT_0116 (lab-resolving-git-conflicts)
$ git pull origin main
From https://github.com/yenle2092/DAFT_0116
 * branch            main       -> FETCH_HEAD
Auto-merging about-me.md
CONFLICT (add/add): Merge conflict in about-me.md
Automatic merge failed; fix conflicts and then commit the result.

lehai@LAPTOP-NSB0M5TU MINGW64 ~/Desktop/PROJECTS/DAFT_0116 (lab-resolving-git-conflicts|MERGING)
$ git status
On branch lab-resolving-git-conflicts
You have unmerged paths.
  (fix conflicts and run "git commit")
  (use "git merge --abort" to abort the merge)

Unmerged paths:
  (use "git add <file>..." to mark resolution)
        both added:      about-me.md

no changes added to commit (use "git add" and/or "git commit -a")

lehai@LAPTOP-NSB0M5TU MINGW64 ~/Desktop/PROJECTS/DAFT_0116 (lab-resolving-git-conflicts|MERGING)
$ cat about-me.md
<<<<<<< HEAD
# Who am I

* Where are you from?
* What do you do?
* Do you have previous experience with technology/data?

# Why am I here

* What has brought you to Ironhack?
* What knowledge/skills do you expect to learn in this bootcamp?

# What will I do after the bootcamp?

* Which industry will you seek employment in?
* What will your future role look like?
* What is your career goal?
=======
Khanh is my teacher
>>>>>>> 5a21a7f876e4a0f7a2a7d9cc5908c08c6eebdc14

lehai@LAPTOP-NSB0M5TU MINGW64 ~/Desktop/PROJECTS/DAFT_0116 (lab-resolving-git-conflicts|MERGING)
$ git status
On branch lab-resolving-git-conflicts
You have unmerged paths.
  (fix conflicts and run "git commit")
  (use "git merge --abort" to abort the merge)

Unmerged paths:
  (use "git add <file>..." to mark resolution)
        both added:      about-me.md

no changes added to commit (use "git add" and/or "git commit -a")

lehai@LAPTOP-NSB0M5TU MINGW64 ~/Desktop/PROJECTS/DAFT_0116 (lab-resolving-git-conflicts|MERGING)
$ git add about-me.md

lehai@LAPTOP-NSB0M5TU MINGW64 ~/Desktop/PROJECTS/DAFT_0116 (lab-resolving-git-conflicts|MERGING)
$ git commit -m "resolving conflicts"
[lab-resolving-git-conflicts 519a199] resolving conflicts

lehai@LAPTOP-NSB0M5TU MINGW64 ~/Desktop/PROJECTS/DAFT_0116 (lab-resolving-git-conflicts)
$ git status
On branch lab-resolving-git-conflicts
nothing to commit, working tree clean

lehai@LAPTOP-NSB0M5TU MINGW64 ~/Desktop/PROJECTS/DAFT_0116 (lab-resolving-git-conflicts)
$ git merge --abort
fatal: There is no merge to abort (MERGE_HEAD missing).

lehai@LAPTOP-NSB0M5TU MINGW64 ~/Desktop/PROJECTS/DAFT_0116 (lab-resolving-git-conflicts)
$ git push -u origin lab-resolving-git-conflicts
Enumerating objects: 9, done.
Counting objects: 100% (9/9), done.
Delta compression using up to 8 threads
Compressing objects: 100% (6/6), done.
Writing objects: 100% (6/6), 747 bytes | 186.00 KiB/s, done.
Total 6 (delta 3), reused 0 (delta 0), pack-reused 0
remote: Resolving deltas: 100% (3/3), completed with 1 local object.
remote:
remote: Create a pull request for 'lab-resolving-git-conflicts' on GitHub by visiting:
remote:      https://github.com/yenle2092/DAFT_0116/pull/new/lab-resolving-git-conflicts
remote:
To https://github.com/yenle2092/DAFT_0116.git
 * [new branch]      lab-resolving-git-conflicts -> lab-resolving-git-conflicts
branch 'lab-resolving-git-conflicts' set up to track 'origin/lab-resolving-git-conflicts'.

lehai@LAPTOP-NSB0M5TU MINGW64 ~/Desktop/PROJECTS/DAFT_0116 (lab-resolving-git-conflicts)
$
